============================= test session starts =============================
platform win32 -- Python 3.14.0, pytest-9.0.2, pluggy-1.6.0 -- C:\Python314\python.exe
cachedir: .pytest_cache
rootdir: E:\plugus2.0\backend
plugins: anyio-4.12.1
collecting ... collected 6 items

app/tests/test_flows.py::test_01_admin_login PASSED
app/tests/test_flows.py::test_02_create_region_and_category PASSED
app/tests/test_flows.py::test_03_vendor_flow PASSED
app/tests/test_flows.py::test_04_customer_flow PASSED
app/tests/test_flows.py::test_05_worker_flow PASSED
app/tests/test_flows.py::test_06_complaint_flow PASSED

============================== warnings summary ===============================
app\core\config.py:4
  E:\plugus2.0\backend\app\core\config.py:4: PydanticDeprecatedSince20: Support for class-based `config` is deprecated, use ConfigDict instead. Deprecated in Pydantic V2.0 to be removed in V3.0. See Pydantic V2 Migration Guide at https://errors.pydantic.dev/2.12/migration/
    class Settings(BaseSettings):

app\core\database.py:15
  E:\plugus2.0\backend\app\core\database.py:15: MovedIn20Warning: The ``declarative_base()`` function is now available as sqlalchemy.orm.declarative_base(). (deprecated since: 2.0) (Background on SQLAlchemy 2.0 at: https://sqlalche.me/e/b8d9)
    Base = declarative_base()

app\schemas\user.py:16
  E:\plugus2.0\backend\app\schemas\user.py:16: PydanticDeprecatedSince20: Support for class-based `config` is deprecated, use ConfigDict instead. Deprecated in Pydantic V2.0 to be removed in V3.0. See Pydantic V2 Migration Guide at https://errors.pydantic.dev/2.12/migration/
    class UserInDBBase(UserBase):

app\schemas\admin.py:12
  E:\plugus2.0\backend\app\schemas\admin.py:12: PydanticDeprecatedSince20: Support for class-based `config` is deprecated, use ConfigDict instead. Deprecated in Pydantic V2.0 to be removed in V3.0. See Pydantic V2 Migration Guide at https://errors.pydantic.dev/2.12/migration/
    class Region(RegionBase):

app\schemas\admin.py:26
  E:\plugus2.0\backend\app\schemas\admin.py:26: PydanticDeprecatedSince20: Support for class-based `config` is deprecated, use ConfigDict instead. Deprecated in Pydantic V2.0 to be removed in V3.0. See Pydantic V2 Migration Guide at https://errors.pydantic.dev/2.12/migration/
    class Category(CategoryBase):

app\schemas\vendor.py:15
  E:\plugus2.0\backend\app\schemas\vendor.py:15: PydanticDeprecatedSince20: Support for class-based `config` is deprecated, use ConfigDict instead. Deprecated in Pydantic V2.0 to be removed in V3.0. See Pydantic V2 Migration Guide at https://errors.pydantic.dev/2.12/migration/
    class Service(ServiceBase):

app\schemas\vendor.py:31
  E:\plugus2.0\backend\app\schemas\vendor.py:31: PydanticDeprecatedSince20: Support for class-based `config` is deprecated, use ConfigDict instead. Deprecated in Pydantic V2.0 to be removed in V3.0. See Pydantic V2 Migration Guide at https://errors.pydantic.dev/2.12/migration/
    class Worker(BaseModel):

app\schemas\customer.py:20
  E:\plugus2.0\backend\app\schemas\customer.py:20: PydanticDeprecatedSince20: Support for class-based `config` is deprecated, use ConfigDict instead. Deprecated in Pydantic V2.0 to be removed in V3.0. See Pydantic V2 Migration Guide at https://errors.pydantic.dev/2.12/migration/
    class Booking(BookingBase):

app\schemas\complaint.py:13
  E:\plugus2.0\backend\app\schemas\complaint.py:13: PydanticDeprecatedSince20: Support for class-based `config` is deprecated, use ConfigDict instead. Deprecated in Pydantic V2.0 to be removed in V3.0. See Pydantic V2 Migration Guide at https://errors.pydantic.dev/2.12/migration/
    class Complaint(ComplaintBase):

app/tests/test_flows.py::test_01_admin_login
app/tests/test_flows.py::test_03_vendor_flow
app/tests/test_flows.py::test_04_customer_flow
app/tests/test_flows.py::test_05_worker_flow
  E:\plugus2.0\backend\app\core\security.py:17: DeprecationWarning: datetime.datetime.utcnow() is deprecated and scheduled for removal in a future version. Use timezone-aware objects to represent datetimes in UTC: datetime.datetime.now(datetime.UTC).
    expire = datetime.utcnow() + expires_delta

app/tests/test_flows.py::test_04_customer_flow
app/tests/test_flows.py::test_04_customer_flow
app/tests/test_flows.py::test_06_complaint_flow
app/tests/test_flows.py::test_06_complaint_flow
  C:\Users\lavdeep\AppData\Roaming\Python\Python314\site-packages\sqlalchemy\sql\schema.py:3624: DeprecationWarning: datetime.datetime.utcnow() is deprecated and scheduled for removal in a future version. Use timezone-aware objects to represent datetimes in UTC: datetime.datetime.now(datetime.UTC).
    return util.wrap_callable(lambda ctx: fn(), fn)  # type: ignore

-- Docs: https://docs.pytest.org/en/stable/how-to/capture-warnings.html
======================= 6 passed, 17 warnings in 2.63s ========================
